// Jest Snapshot v1, https://goo.gl/fbAQLP

exports[`List snapshot renders 1`] = `
<div
  className="list"
>
  <div
    className="item"
    key="test"
  >
    <img
      alt="test"
      className="img-class"
      src=""
    />
    <div
      className="detail"
    >
      <span
        className="detail-head"
      >
        test
      </span>
      <span
        className="detail-title"
      >
        Mission Ids
      </span>
      <ul />
      <span
        className="detail-title"
      >
        Launch year: 
        <label
          className="sub-section"
        >
          2006
        </label>
      </span>
      <span
        className="detail-title"
      >
        Successful launch: 
        <label
          className="sub-section"
        >
          true
        </label>
      </span>
      <span
        className="detail-title"
      >
        Successful landing: 
        <label
          className="sub-section"
        >
          <Component />
        </label>
      </span>
    </div>
  </div>
</div>
`;
